Archive member included to satisfy reference by file (symbol)

/home/domi/Progs/STM32_IDE/plugins/com.st.stm32cube.ide.mcu.externaltools.gnu-tools-for-stm32.7-2018-q2-update.linux64_1.0.0.201904181610/tools/bin/../lib/gcc/arm-none-eabi/7.3.1/../../../../arm-none-eabi/lib/thumb/v6-m/libc_nano.a(lib_a-exit.o)
                              /home/domi/Progs/STM32_IDE/plugins/com.st.stm32cube.ide.mcu.externaltools.gnu-tools-for-stm32.7-2018-q2-update.linux64_1.0.0.201904181610/tools/bin/../lib/gcc/arm-none-eabi/7.3.1/../../../../arm-none-eabi/lib/thumb/v6-m/crt0.o (exit)
/home/domi/Progs/STM32_IDE/plugins/com.st.stm32cube.ide.mcu.externaltools.gnu-tools-for-stm32.7-2018-q2-update.linux64_1.0.0.201904181610/tools/bin/../lib/gcc/arm-none-eabi/7.3.1/../../../../arm-none-eabi/lib/thumb/v6-m/libc_nano.a(lib_a-impure.o)
                              /home/domi/Progs/STM32_IDE/plugins/com.st.stm32cube.ide.mcu.externaltools.gnu-tools-for-stm32.7-2018-q2-update.linux64_1.0.0.201904181610/tools/bin/../lib/gcc/arm-none-eabi/7.3.1/../../../../arm-none-eabi/lib/thumb/v6-m/libc_nano.a(lib_a-exit.o) (_global_impure_ptr)
/home/domi/Progs/STM32_IDE/plugins/com.st.stm32cube.ide.mcu.externaltools.gnu-tools-for-stm32.7-2018-q2-update.linux64_1.0.0.201904181610/tools/bin/../lib/gcc/arm-none-eabi/7.3.1/../../../../arm-none-eabi/lib/thumb/v6-m/libc_nano.a(lib_a-init.o)
                              /home/domi/Progs/STM32_IDE/plugins/com.st.stm32cube.ide.mcu.externaltools.gnu-tools-for-stm32.7-2018-q2-update.linux64_1.0.0.201904181610/tools/bin/../lib/gcc/arm-none-eabi/7.3.1/../../../../arm-none-eabi/lib/thumb/v6-m/crt0.o (__libc_init_array)
/home/domi/Progs/STM32_IDE/plugins/com.st.stm32cube.ide.mcu.externaltools.gnu-tools-for-stm32.7-2018-q2-update.linux64_1.0.0.201904181610/tools/bin/../lib/gcc/arm-none-eabi/7.3.1/../../../../arm-none-eabi/lib/thumb/v6-m/libc_nano.a(lib_a-memset.o)
                              /home/domi/Progs/STM32_IDE/plugins/com.st.stm32cube.ide.mcu.externaltools.gnu-tools-for-stm32.7-2018-q2-update.linux64_1.0.0.201904181610/tools/bin/../lib/gcc/arm-none-eabi/7.3.1/../../../../arm-none-eabi/lib/thumb/v6-m/crt0.o (memset)
/home/domi/Progs/STM32_IDE/plugins/com.st.stm32cube.ide.mcu.externaltools.gnu-tools-for-stm32.7-2018-q2-update.linux64_1.0.0.201904181610/tools/bin/../lib/gcc/arm-none-eabi/7.3.1/thumb/v6-m/libgcc.a(_udivsi3.o)
                              Core/Src/main.o (__aeabi_uidiv)
/home/domi/Progs/STM32_IDE/plugins/com.st.stm32cube.ide.mcu.externaltools.gnu-tools-for-stm32.7-2018-q2-update.linux64_1.0.0.201904181610/tools/bin/../lib/gcc/arm-none-eabi/7.3.1/thumb/v6-m/libgcc.a(_dvmd_tls.o)
                              /home/domi/Progs/STM32_IDE/plugins/com.st.stm32cube.ide.mcu.externaltools.gnu-tools-for-stm32.7-2018-q2-update.linux64_1.0.0.201904181610/tools/bin/../lib/gcc/arm-none-eabi/7.3.1/thumb/v6-m/libgcc.a(_udivsi3.o) (__aeabi_idiv0)
/home/domi/Progs/STM32_IDE/plugins/com.st.stm32cube.ide.mcu.externaltools.gnu-tools-for-stm32.7-2018-q2-update.linux64_1.0.0.201904181610/tools/bin/../lib/gcc/arm-none-eabi/7.3.1/../../../../arm-none-eabi/lib/thumb/v6-m/libnosys.a(_exit.o)
                              /home/domi/Progs/STM32_IDE/plugins/com.st.stm32cube.ide.mcu.externaltools.gnu-tools-for-stm32.7-2018-q2-update.linux64_1.0.0.201904181610/tools/bin/../lib/gcc/arm-none-eabi/7.3.1/../../../../arm-none-eabi/lib/thumb/v6-m/libc_nano.a(lib_a-exit.o) (_exit)

Allocating common symbols
Common symbol       size              file

uwTick              0x4               Drivers/STM32F0xx_HAL_Driver/Src/stm32f0xx_hal.o
pFlash              0x20              Drivers/STM32F0xx_HAL_Driver/Src/stm32f0xx_hal_flash.o
htim1               0x40              Core/Src/main.o
termTx              0x200             Core/Src/term.o
aRxBuffer           0xff              Core/Src/term.o
hadc                0x40              Core/Src/main.o

Discarded input sections

 .text          0x0000000000000000        0x0 /home/domi/Progs/STM32_IDE/plugins/com.st.stm32cube.ide.mcu.externaltools.gnu-tools-for-stm32.7-2018-q2-update.linux64_1.0.0.201904181610/tools/bin/../lib/gcc/arm-none-eabi/7.3.1/thumb/v6-m/crti.o
 .data          0x0000000000000000        0x0 /home/domi/Progs/STM32_IDE/plugins/com.st.stm32cube.ide.mcu.externaltools.gnu-tools-for-stm32.7-2018-q2-update.linux64_1.0.0.201904181610/tools/bin/../lib/gcc/arm-none-eabi/7.3.1/thumb/v6-m/crti.o
 .bss           0x0000000000000000        0x0 /home/domi/Progs/STM32_IDE/plugins/com.st.stm32cube.ide.mcu.externaltools.gnu-tools-for-stm32.7-2018-q2-update.linux64_1.0.0.201904181610/tools/bin/../lib/gcc/arm-none-eabi/7.3.1/thumb/v6-m/crti.o
 .data          0x0000000000000000        0x4 /home/domi/Progs/STM32_IDE/plugins/com.st.stm32cube.ide.mcu.externaltools.gnu-tools-for-stm32.7-2018-q2-update.linux64_1.0.0.201904181610/tools/bin/../lib/gcc/arm-none-eabi/7.3.1/thumb/v6-m/crtbegin.o
[...]
Memory Configuration

Name             Origin             Length             Attributes
RAM              0x0000000020000000 0x0000000000001000 xrw
FLASH            0x0000000008000000 0x0000000000004000 xr
*default*        0x0000000000000000 0xffffffffffffffff

Linker script and memory map

LOAD /home/domi/Progs/STM32_IDE/plugins/com.st.stm32cube.ide.mcu.externaltools.gnu-tools-for-stm32.7-2018-q2-update.linux64_1.0.0.201904181610/tools/bin/../lib/gcc/arm-none-eabi/7.3.1/thumb/v6-m/crti.o
LOAD /home/domi/Progs/STM32_IDE/plugins/com.st.stm32cube.ide.mcu.externaltools.gnu-tools-for-stm32.7-2018-q2-update.linux64_1.0.0.201904181610/tools/bin/../lib/gcc/arm-none-eabi/7.3.1/thumb/v6-m/crtbegin.o
LOAD /home/domi/Progs/STM32_IDE/plugins/com.st.stm32cube.ide.mcu.externaltools.gnu-tools-for-stm32.7-2018-q2-update.linux64_1.0.0.201904181610/tools/bin/../lib/gcc/arm-none-eabi/7.3.1/../../../../arm-none-eabi/lib/thumb/v6-m/crt0.o
LOAD Core/Src/main.o
LOAD Core/Src/stm32f0xx_hal_msp.o
LOAD Core/Src/stm32f0xx_it.o
LOAD Core/Src/system_stm32f0xx.o
LOAD Core/Src/term.o
LOAD Core/Src/uart.o
LOAD Core/Startup/startup_stm32f030f4px.o
LOAD Drivers/STM32F0xx_HAL_Driver/Src/stm32f0xx_hal.o
LOAD Drivers/STM32F0xx_HAL_Driver/Src/stm32f0xx_hal_adc.o
LOAD Drivers/STM32F0xx_HAL_Driver/Src/stm32f0xx_hal_adc_ex.o
LOAD Drivers/STM32F0xx_HAL_Driver/Src/stm32f0xx_hal_cortex.o
LOAD Drivers/STM32F0xx_HAL_Driver/Src/stm32f0xx_hal_dma.o
LOAD Drivers/STM32F0xx_HAL_Driver/Src/stm32f0xx_hal_exti.o
LOAD Drivers/STM32F0xx_HAL_Driver/Src/stm32f0xx_hal_flash.o
LOAD Drivers/STM32F0xx_HAL_Driver/Src/stm32f0xx_hal_flash_ex.o
LOAD Drivers/STM32F0xx_HAL_Driver/Src/stm32f0xx_hal_gpio.o
LOAD Drivers/STM32F0xx_HAL_Driver/Src/stm32f0xx_hal_i2c.o
LOAD Drivers/STM32F0xx_HAL_Driver/Src/stm32f0xx_hal_i2c_ex.o
LOAD Drivers/STM32F0xx_HAL_Driver/Src/stm32f0xx_hal_pwr.o
LOAD Drivers/STM32F0xx_HAL_Driver/Src/stm32f0xx_hal_pwr_ex.o
LOAD Drivers/STM32F0xx_HAL_Driver/Src/stm32f0xx_hal_rcc.o
LOAD Drivers/STM32F0xx_HAL_Driver/Src/stm32f0xx_hal_rcc_ex.o
LOAD Drivers/STM32F0xx_HAL_Driver/Src/stm32f0xx_hal_tim.o
LOAD Drivers/STM32F0xx_HAL_Driver/Src/stm32f0xx_hal_tim_ex.o
START GROUP
LOAD /home/domi/Progs/STM32_IDE/plugins/com.st.stm32cube.ide.mcu.externaltools.gnu-tools-for-stm32.7-2018-q2-update.linux64_1.0.0.201904181610/tools/bin/../lib/gcc/arm-none-eabi/7.3.1/../../../../arm-none-eabi/lib/thumb/v6-m/libc_nano.a
LOAD /home/domi/Progs/STM32_IDE/plugins/com.st.stm32cube.ide.mcu.externaltools.gnu-tools-for-stm32.7-2018-q2-update.linux64_1.0.0.201904181610/tools/bin/../lib/gcc/arm-none-eabi/7.3.1/../../../../arm-none-eabi/lib/thumb/v6-m/libm.a
END GROUP
START GROUP
LOAD /home/domi/Progs/STM32_IDE/plugins/com.st.stm32cube.ide.mcu.externaltools.gnu-tools-for-stm32.7-2018-q2-update.linux64_1.0.0.201904181610/tools/bin/../lib/gcc/arm-none-eabi/7.3.1/thumb/v6-m/libgcc.a
LOAD /home/domi/Progs/STM32_IDE/plugins/com.st.stm32cube.ide.mcu.externaltools.gnu-tools-for-stm32.7-2018-q2-update.linux64_1.0.0.201904181610/tools/bin/../lib/gcc/arm-none-eabi/7.3.1/../../../../arm-none-eabi/lib/thumb/v6-m/libc_nano.a
END GROUP
START GROUP
LOAD /home/domi/Progs/STM32_IDE/plugins/com.st.stm32cube.ide.mcu.externaltools.gnu-tools-for-stm32.7-2018-q2-update.linux64_1.0.0.201904181610/tools/bin/../lib/gcc/arm-none-eabi/7.3.1/thumb/v6-m/libgcc.a
LOAD /home/domi/Progs/STM32_IDE/plugins/com.st.stm32cube.ide.mcu.externaltools.gnu-tools-for-stm32.7-2018-q2-update.linux64_1.0.0.201904181610/tools/bin/../lib/gcc/arm-none-eabi/7.3.1/../../../../arm-none-eabi/lib/thumb/v6-m/libc_nano.a
LOAD /home/domi/Progs/STM32_IDE/plugins/com.st.stm32cube.ide.mcu.externaltools.gnu-tools-for-stm32.7-2018-q2-update.linux64_1.0.0.201904181610/tools/bin/../lib/gcc/arm-none-eabi/7.3.1/../../../../arm-none-eabi/lib/thumb/v6-m/libnosys.a
END GROUP
START GROUP
LOAD /home/domi/Progs/STM32_IDE/plugins/com.st.stm32cube.ide.mcu.externaltools.gnu-tools-for-stm32.7-2018-q2-update.linux64_1.0.0.201904181610/tools/bin/../lib/gcc/arm-none-eabi/7.3.1/thumb/v6-m/libgcc.a
LOAD /home/domi/Progs/STM32_IDE/plugins/com.st.stm32cube.ide.mcu.externaltools.gnu-tools-for-stm32.7-2018-q2-update.linux64_1.0.0.201904181610/tools/bin/../lib/gcc/arm-none-eabi/7.3.1/../../../../arm-none-eabi/lib/thumb/v6-m/libc_nano.a
LOAD /home/domi/Progs/STM32_IDE/plugins/com.st.stm32cube.ide.mcu.externaltools.gnu-tools-for-stm32.7-2018-q2-update.linux64_1.0.0.201904181610/tools/bin/../lib/gcc/arm-none-eabi/7.3.1/../../../../arm-none-eabi/lib/thumb/v6-m/libnosys.a
END GROUP
LOAD /home/domi/Progs/STM32_IDE/plugins/com.st.stm32cube.ide.mcu.externaltools.gnu-tools-for-stm32.7-2018-q2-update.linux64_1.0.0.201904181610/tools/bin/../lib/gcc/arm-none-eabi/7.3.1/thumb/v6-m/crtend.o
LOAD /home/domi/Progs/STM32_IDE/plugins/com.st.stm32cube.ide.mcu.externaltools.gnu-tools-for-stm32.7-2018-q2-update.linux64_1.0.0.201904181610/tools/bin/../lib/gcc/arm-none-eabi/7.3.1/thumb/v6-m/crtn.o
                0x0000000020001000                _estack = (ORIGIN (RAM) + LENGTH (RAM))
                0x0000000000000200                _Min_Heap_Size = 0x200
                0x0000000000000400                _Min_Stack_Size = 0x400

.isr_vector     0x0000000008000000       0xc0
                0x0000000008000000                . = ALIGN (0x4)
 *(.isr_vector)
 .isr_vector    0x0000000008000000       0xc0 Core/Startup/startup_stm32f030f4px.o
                0x0000000008000000                g_pfnVectors
                0x00000000080000c0                . = ALIGN (0x4)

.text           0x00000000080000c0     0x3290
                0x00000000080000c0                . = ALIGN (0x4)
 *(.text)
 .text          0x00000000080000c0       0x48 /home/domi/Progs/STM32_IDE/plugins/com.st.stm32cube.ide.mcu.externaltools.gnu-tools-for-stm32.7-2018-q2-update.linux64_1.0.0.201904181610/tools/bin/../lib/gcc/arm-none-eabi/7.3.1/thumb/v6-m/crtbegin.o
 .text          0x0000000008000108      0x114 /home/domi/Progs/STM32_IDE/plugins/com.st.stm32cube.ide.mcu.externaltools.gnu-tools-for-stm32.7-2018-q2-update.linux64_1.0.0.201904181610/tools/bin/../lib/gcc/arm-none-eabi/7.3.1/thumb/v6-m/libgcc.a(_udivsi3.o)
                0x0000000008000108                __udivsi3
                0x0000000008000108                __aeabi_uidiv
                0x0000000008000214                __aeabi_uidivmod
 .text          0x000000000800021c        0x4 /home/domi/Progs/STM32_IDE/plugins/com.st.stm32cube.ide.mcu.externaltools.gnu-tools-for-stm32.7-2018-q2-update.linux64_1.0.0.201904181610/tools/bin/../lib/gcc/arm-none-eabi/7.3.1/thumb/v6-m/libgcc.a(_dvmd_tls.o)
                0x000000000800021c                __aeabi_ldiv0
                0x000000000800021c                __aeabi_idiv0
 *(.text*)
 .text.main     0x0000000008000220      0x14c Core/Src/main.o
                0x0000000008000220                main
 .text.SystemClock_Config
                0x000000000800036c       0x90 Core/Src/main.o
                0x000000000800036c                SystemClock_Config
 .text.MX_ADC_Init
                0x00000000080003fc       0xb8 Core/Src/main.o
 .text.MX_TIM1_Init
                0x00000000080004b4      0x184 Core/Src/main.o
 .text.MX_GPIO_Init
                0x0000000008000638       0xfc Core/Src/main.o
 .text.InitUsart1Tx
                0x0000000008000734       0x4a Core/Src/main.o
 *fill*         0x000000000800077e        0x2 
 .text.InitPWM  0x0000000008000780       0x8c Core/Src/main.o
 .text.CycleUpBtn
                0x000000000800080c       0xb0 Core/Src/main.o
 .text.CycleDownBtn
                0x00000000080008bc       0x64 Core/Src/main.o
 .text.CycleLedDisplay
                0x0000000008000920       0x7c Core/Src/main.o
 .text.CycleAdc
                0x000000000800099c       0x64 Core/Src/main.o
 .text.Error_Handler
                0x0000000008000a00        0xa Core/Src/main.o
                0x0000000008000a00                Error_Handler
 *fill*         0x0000000008000a0a        0x2 
 .text.HAL_MspInit
                0x0000000008000a0c       0x48 Core/Src/stm32f0xx_hal_msp.o
                0x0000000008000a0c                HAL_MspInit
 .text.HAL_ADC_MspInit
                0x0000000008000a54       0x8c Core/Src/stm32f0xx_hal_msp.o
                0x0000000008000a54                HAL_ADC_MspInit
 .text.HAL_TIM_Base_MspInit
                0x0000000008000ae0       0x40 Core/Src/stm32f0xx_hal_msp.o
                0x0000000008000ae0                HAL_TIM_Base_MspInit
 .text.HAL_TIM_MspPostInit
                0x0000000008000b20       0xcc Core/Src/stm32f0xx_hal_msp.o
                0x0000000008000b20                HAL_TIM_MspPostInit
 .text.NMI_Handler
                0x0000000008000bec        0xa Core/Src/stm32f0xx_it.o
                0x0000000008000bec                NMI_Handler
 .text.HardFault_Handler
                0x0000000008000bf6        0x6 Core/Src/stm32f0xx_it.o
                0x0000000008000bf6                HardFault_Handler
 .text.SVC_Handler
                0x0000000008000bfc        0xa Core/Src/stm32f0xx_it.o
                0x0000000008000bfc                SVC_Handler
 .text.PendSV_Handler
                0x0000000008000c06        0xa Core/Src/stm32f0xx_it.o
                0x0000000008000c06                PendSV_Handler
 .text.SysTick_Handler
                0x0000000008000c10        0xe Core/Src/stm32f0xx_it.o
                0x0000000008000c10                SysTick_Handler
 .text.SystemInit
                0x0000000008000c1e        0xa Core/Src/system_stm32f0xx.o
                0x0000000008000c1e                SystemInit
 .text.CycleTerm
                0x0000000008000c28      0x110 Core/Src/term.o
                0x0000000008000c28                CycleTerm
 .text.__NVIC_EnableIRQ
                0x0000000008000d38       0x34 Core/Src/uart.o
 .text.__NVIC_SetPriority
                0x0000000008000d6c       0xdc Core/Src/uart.o
 .text.InitUart
                0x0000000008000e48       0x64 Core/Src/uart.o
                0x0000000008000e48                InitUart
 .text.TransmitUart
                0x0000000008000eac       0x48 Core/Src/uart.o
                0x0000000008000eac                TransmitUart
 .text.USART1_IRQHandler
                0x0000000008000ef4       0x6c Core/Src/uart.o
                0x0000000008000ef4                USART1_IRQHandler
 .text.Reset_Handler
                0x0000000008000f60       0x50 Core/Startup/startup_stm32f030f4px.o
                0x0000000008000f60                Reset_Handler
 .text.Default_Handler
                0x0000000008000fb0        0x2 Core/Startup/startup_stm32f030f4px.o
                0x0000000008000fb0                TIM1_CC_IRQHandler
                0x0000000008000fb0                I2C1_IRQHandler
                0x0000000008000fb0                SPI1_IRQHandler
                0x0000000008000fb0                EXTI2_3_IRQHandler
                0x0000000008000fb0                ADC1_IRQHandler
                0x0000000008000fb0                TIM17_IRQHandler
                0x0000000008000fb0                RTC_IRQHandler
                0x0000000008000fb0                TIM16_IRQHandler
                0x0000000008000fb0                TIM3_IRQHandler
                0x0000000008000fb0                EXTI4_15_IRQHandler
                0x0000000008000fb0                RCC_IRQHandler
                0x0000000008000fb0                DMA1_Channel1_IRQHandler
                0x0000000008000fb0                Default_Handler
                0x0000000008000fb0                TIM14_IRQHandler
                0x0000000008000fb0                DMA1_Channel4_5_IRQHandler
                0x0000000008000fb0                EXTI0_1_IRQHandler
                0x0000000008000fb0                WWDG_IRQHandler
                0x0000000008000fb0                DMA1_Channel2_3_IRQHandler
                0x0000000008000fb0                FLASH_IRQHandler
                0x0000000008000fb0                TIM1_BRK_UP_TRG_COM_IRQHandler
 *fill*         0x0000000008000fb2        0x2 
 .text.HAL_Init
                0x0000000008000fb4       0x28 Drivers/STM32F0xx_HAL_Driver/Src/stm32f0xx_hal.o
                0x0000000008000fb4                HAL_Init
 .text.HAL_InitTick
                0x0000000008000fdc       0x68 Drivers/STM32F0xx_HAL_Driver/Src/stm32f0xx_hal.o
                0x0000000008000fdc                HAL_InitTick
 .text.HAL_IncTick
                0x0000000008001044       0x24 Drivers/STM32F0xx_HAL_Driver/Src/stm32f0xx_hal.o
                0x0000000008001044                HAL_IncTick
 .text.HAL_GetTick
                0x0000000008001068       0x14 Drivers/STM32F0xx_HAL_Driver/Src/stm32f0xx_hal.o
                0x0000000008001068                HAL_GetTick
 .text.HAL_ADC_Init
                0x000000000800107c      0x280 Drivers/STM32F0xx_HAL_Driver/Src/stm32f0xx_hal_adc.o
                0x000000000800107c                HAL_ADC_Init
 .text.HAL_ADC_Start
                0x00000000080012fc       0xa8 Drivers/STM32F0xx_HAL_Driver/Src/stm32f0xx_hal_adc.o
                0x00000000080012fc                HAL_ADC_Start
 .text.HAL_ADC_Stop
                0x00000000080013a4       0x80 Drivers/STM32F0xx_HAL_Driver/Src/stm32f0xx_hal_adc.o
                0x00000000080013a4                HAL_ADC_Stop
 .text.HAL_ADC_PollForConversion
                0x0000000008001424      0x124 Drivers/STM32F0xx_HAL_Driver/Src/stm32f0xx_hal_adc.o
                0x0000000008001424                HAL_ADC_PollForConversion
 .text.HAL_ADC_GetValue
                0x0000000008001548       0x16 Drivers/STM32F0xx_HAL_Driver/Src/stm32f0xx_hal_adc.o
                0x0000000008001548                HAL_ADC_GetValue
 *fill*         0x000000000800155e        0x2 
 .text.HAL_ADC_ConfigChannel
                0x0000000008001560      0x1ec Drivers/STM32F0xx_HAL_Driver/Src/stm32f0xx_hal_adc.o
                0x0000000008001560                HAL_ADC_ConfigChannel
 .text.ADC_Enable
                0x000000000800174c       0xf8 Drivers/STM32F0xx_HAL_Driver/Src/stm32f0xx_hal_adc.o
 .text.ADC_Disable
                0x0000000008001844       0xd4 Drivers/STM32F0xx_HAL_Driver/Src/stm32f0xx_hal_adc.o
 .text.ADC_ConversionStop
                0x0000000008001918       0x8c Drivers/STM32F0xx_HAL_Driver/Src/stm32f0xx_hal_adc.o
 .text.__NVIC_SetPriority
                0x00000000080019a4       0xdc Drivers/STM32F0xx_HAL_Driver/Src/stm32f0xx_hal_cortex.o
 .text.SysTick_Config
                0x0000000008001a80       0x48 Drivers/STM32F0xx_HAL_Driver/Src/stm32f0xx_hal_cortex.o
 .text.HAL_NVIC_SetPriority
                0x0000000008001ac8       0x2a Drivers/STM32F0xx_HAL_Driver/Src/stm32f0xx_hal_cortex.o
                0x0000000008001ac8                HAL_NVIC_SetPriority
 .text.HAL_SYSTICK_Config
                0x0000000008001af2       0x1a Drivers/STM32F0xx_HAL_Driver/Src/stm32f0xx_hal_cortex.o
                0x0000000008001af2                HAL_SYSTICK_Config
 .text.HAL_GPIO_Init
                0x0000000008001b0c      0x2e0 Drivers/STM32F0xx_HAL_Driver/Src/stm32f0xx_hal_gpio.o
                0x0000000008001b0c                HAL_GPIO_Init
 .text.HAL_GPIO_ReadPin
                0x0000000008001dec       0x3a Drivers/STM32F0xx_HAL_Driver/Src/stm32f0xx_hal_gpio.o
                0x0000000008001dec                HAL_GPIO_ReadPin
 .text.HAL_GPIO_WritePin
                0x0000000008001e26       0x3a Drivers/STM32F0xx_HAL_Driver/Src/stm32f0xx_hal_gpio.o
                0x0000000008001e26                HAL_GPIO_WritePin
 .text.HAL_GPIO_TogglePin
                0x0000000008001e60       0x36 Drivers/STM32F0xx_HAL_Driver/Src/stm32f0xx_hal_gpio.o
                0x0000000008001e60                HAL_GPIO_TogglePin
 *fill*         0x0000000008001e96        0x2 
 .text.HAL_RCC_OscConfig
                0x0000000008001e98      0x638 Drivers/STM32F0xx_HAL_Driver/Src/stm32f0xx_hal_rcc.o
                0x0000000008001e98                HAL_RCC_OscConfig
 .text.HAL_RCC_ClockConfig
                0x00000000080024d0      0x19c Drivers/STM32F0xx_HAL_Driver/Src/stm32f0xx_hal_rcc.o
                0x00000000080024d0                HAL_RCC_ClockConfig
 .text.HAL_RCC_GetSysClockFreq
                0x000000000800266c       0xc8 Drivers/STM32F0xx_HAL_Driver/Src/stm32f0xx_hal_rcc.o
                0x000000000800266c                HAL_RCC_GetSysClockFreq
 .text.HAL_TIM_Base_Init
                0x0000000008002734       0x58 Drivers/STM32F0xx_HAL_Driver/Src/stm32f0xx_hal_tim.o
                0x0000000008002734                HAL_TIM_Base_Init
 .text.HAL_TIM_PWM_Init
                0x000000000800278c       0x58 Drivers/STM32F0xx_HAL_Driver/Src/stm32f0xx_hal_tim.o
                0x000000000800278c                HAL_TIM_PWM_Init
 .text.HAL_TIM_PWM_MspInit
                0x00000000080027e4       0x10 Drivers/STM32F0xx_HAL_Driver/Src/stm32f0xx_hal_tim.o
                0x00000000080027e4                HAL_TIM_PWM_MspInit
 .text.HAL_TIM_PWM_Start
                0x00000000080027f4       0x8c Drivers/STM32F0xx_HAL_Driver/Src/stm32f0xx_hal_tim.o
                0x00000000080027f4                HAL_TIM_PWM_Start
 .text.HAL_TIM_PWM_ConfigChannel
                0x0000000008002880      0x170 Drivers/STM32F0xx_HAL_Driver/Src/stm32f0xx_hal_tim.o
                0x0000000008002880                HAL_TIM_PWM_ConfigChannel
 .text.HAL_TIM_ConfigClockSource
                0x00000000080029f0      0x17c Drivers/STM32F0xx_HAL_Driver/Src/stm32f0xx_hal_tim.o
                0x00000000080029f0                HAL_TIM_ConfigClockSource
 .text.TIM_Base_SetConfig
                0x0000000008002b6c       0xd8 Drivers/STM32F0xx_HAL_Driver/Src/stm32f0xx_hal_tim.o
                0x0000000008002b6c                TIM_Base_SetConfig
 .text.TIM_OC1_SetConfig
                0x0000000008002c44       0xfc Drivers/STM32F0xx_HAL_Driver/Src/stm32f0xx_hal_tim.o
 .text.TIM_OC2_SetConfig
                0x0000000008002d40       0xfc Drivers/STM32F0xx_HAL_Driver/Src/stm32f0xx_hal_tim.o
                0x0000000008002d40                TIM_OC2_SetConfig
 .text.TIM_OC3_SetConfig
                0x0000000008002e3c      0x100 Drivers/STM32F0xx_HAL_Driver/Src/stm32f0xx_hal_tim.o
 .text.TIM_OC4_SetConfig
                0x0000000008002f3c       0xc8 Drivers/STM32F0xx_HAL_Driver/Src/stm32f0xx_hal_tim.o
 .text.TIM_TI1_ConfigInputStage
                0x0000000008003004       0x5c Drivers/STM32F0xx_HAL_Driver/Src/stm32f0xx_hal_tim.o
 .text.TIM_TI2_ConfigInputStage
                0x0000000008003060       0x64 Drivers/STM32F0xx_HAL_Driver/Src/stm32f0xx_hal_tim.o
 .text.TIM_ITRx_SetConfig
                0x00000000080030c4       0x32 Drivers/STM32F0xx_HAL_Driver/Src/stm32f0xx_hal_tim.o
 *fill*         0x00000000080030f6        0x2 
 .text.TIM_ETR_SetConfig
                0x00000000080030f8       0x40 Drivers/STM32F0xx_HAL_Driver/Src/stm32f0xx_hal_tim.o
                0x00000000080030f8                TIM_ETR_SetConfig
 .text.TIM_CCxChannelCmd
                0x0000000008003138       0x46 Drivers/STM32F0xx_HAL_Driver/Src/stm32f0xx_hal_tim.o
                0x0000000008003138                TIM_CCxChannelCmd
 *fill*         0x000000000800317e        0x2 
 .text.HAL_TIMEx_MasterConfigSynchronization
                0x0000000008003180       0xa4 Drivers/STM32F0xx_HAL_Driver/Src/stm32f0xx_hal_tim_ex.o
                0x0000000008003180                HAL_TIMEx_MasterConfigSynchronization
 .text.HAL_TIMEx_ConfigBreakDeadTime
                0x0000000008003224       0xbc Drivers/STM32F0xx_HAL_Driver/Src/stm32f0xx_hal_tim_ex.o
                0x0000000008003224                HAL_TIMEx_ConfigBreakDeadTime
 .text.__libc_init_array
                0x00000000080032e0       0x48 /home/domi/Progs/STM32_IDE/plugins/com.st.stm32cube.ide.mcu.externaltools.gnu-tools-for-stm32.7-2018-q2-update.linux64_1.0.0.201904181610/tools/bin/../lib/gcc/arm-none-eabi/7.3.1/../../../../arm-none-eabi/lib/thumb/v6-m/libc_nano.a(lib_a-init.o)
                0x00000000080032e0                __libc_init_array
 .text.memset   0x0000000008003328       0x10 /home/domi/Progs/STM32_IDE/plugins/com.st.stm32cube.ide.mcu.externaltools.gnu-tools-for-stm32.7-2018-q2-update.linux64_1.0.0.201904181610/tools/bin/../lib/gcc/arm-none-eabi/7.3.1/../../../../arm-none-eabi/lib/thumb/v6-m/libc_nano.a(lib_a-memset.o)
                0x0000000008003328                memset
 *(.glue_7)
 .glue_7        0x0000000008003338        0x0 linker stubs
 *(.glue_7t)
 .glue_7t       0x0000000008003338        0x0 linker stubs
 *(.eh_frame)
 .eh_frame      0x0000000008003338        0x0 /home/domi/Progs/STM32_IDE/plugins/com.st.stm32cube.ide.mcu.externaltools.gnu-tools-for-stm32.7-2018-q2-update.linux64_1.0.0.201904181610/tools/bin/../lib/gcc/arm-none-eabi/7.3.1/thumb/v6-m/crtbegin.o
 *(.init)
 .init          0x0000000008003338        0x4 /home/domi/Progs/STM32_IDE/plugins/com.st.stm32cube.ide.mcu.externaltools.gnu-tools-for-stm32.7-2018-q2-update.linux64_1.0.0.201904181610/tools/bin/../lib/gcc/arm-none-eabi/7.3.1/thumb/v6-m/crti.o
                0x0000000008003338                _init
 .init          0x000000000800333c        0x8 /home/domi/Progs/STM32_IDE/plugins/com.st.stm32cube.ide.mcu.externaltools.gnu-tools-for-stm32.7-2018-q2-update.linux64_1.0.0.201904181610/tools/bin/../lib/gcc/arm-none-eabi/7.3.1/thumb/v6-m/crtn.o
 *(.fini)
 .fini          0x0000000008003344        0x4 /home/domi/Progs/STM32_IDE/plugins/com.st.stm32cube.ide.mcu.externaltools.gnu-tools-for-stm32.7-2018-q2-update.linux64_1.0.0.201904181610/tools/bin/../lib/gcc/arm-none-eabi/7.3.1/thumb/v6-m/crti.o
                0x0000000008003344                _fini
 .fini          0x0000000008003348        0x8 /home/domi/Progs/STM32_IDE/plugins/com.st.stm32cube.ide.mcu.externaltools.gnu-tools-for-stm32.7-2018-q2-update.linux64_1.0.0.201904181610/tools/bin/../lib/gcc/arm-none-eabi/7.3.1/thumb/v6-m/crtn.o
                0x0000000008003350                . = ALIGN (0x4)
                0x0000000008003350                _etext = .

.vfp11_veneer   0x0000000008003350        0x0
 .vfp11_veneer  0x0000000008003350        0x0 linker stubs

.v4_bx          0x0000000008003350        0x0
 .v4_bx         0x0000000008003350        0x0 linker stubs

.iplt           0x0000000008003350        0x0
 .iplt          0x0000000008003350        0x0 /home/domi/Progs/STM32_IDE/plugins/com.st.stm32cube.ide.mcu.externaltools.gnu-tools-for-stm32.7-2018-q2-update.linux64_1.0.0.201904181610/tools/bin/../lib/gcc/arm-none-eabi/7.3.1/thumb/v6-m/crtbegin.o

.rodata         0x0000000008003350       0x30
                0x0000000008003350                . = ALIGN (0x4)
 *(.rodata)
 .rodata        0x0000000008003350       0x20 Drivers/STM32F0xx_HAL_Driver/Src/stm32f0xx_hal_rcc.o
 *(.rodata*)
 .rodata.AHBPrescTable
                0x0000000008003370       0x10 Core/Src/system_stm32f0xx.o
                0x0000000008003370                AHBPrescTable
                0x0000000008003380                . = ALIGN (0x4)

.rel.dyn        0x0000000008003380        0x0
 .rel.iplt      0x0000000008003380        0x0 /home/domi/Progs/STM32_IDE/plugins/com.st.stm32cube.ide.mcu.externaltools.gnu-tools-for-stm32.7-2018-q2-update.linux64_1.0.0.201904181610/tools/bin/../lib/gcc/arm-none-eabi/7.3.1/thumb/v6-m/crtbegin.o

.ARM.extab      0x0000000008003380        0x0
                0x0000000008003380                . = ALIGN (0x4)
 *(.ARM.extab* .gnu.linkonce.armextab.*)
                0x0000000008003380                . = ALIGN (0x4)

.ARM            0x0000000008003380        0x0
                0x0000000008003380                . = ALIGN (0x4)
                0x0000000008003380                __exidx_start = .
 *(.ARM.exidx*)
                0x0000000008003380                __exidx_end = .
                0x0000000008003380                . = ALIGN (0x4)

.preinit_array  0x0000000008003380        0x0
                0x0000000008003380                . = ALIGN (0x4)
                0x0000000008003380                PROVIDE (__preinit_array_start = .)
 *(.preinit_array*)
                0x0000000008003380                PROVIDE (__preinit_array_end = .)
                0x0000000008003380                . = ALIGN (0x4)

.init_array     0x0000000008003380        0x4
                0x0000000008003380                . = ALIGN (0x4)
                0x0000000008003380                PROVIDE (__init_array_start = .)
 *(SORT_BY_NAME(.init_array.*))
 *(.init_array*)
 .init_array    0x0000000008003380        0x4 /home/domi/Progs/STM32_IDE/plugins/com.st.stm32cube.ide.mcu.externaltools.gnu-tools-for-stm32.7-2018-q2-update.linux64_1.0.0.201904181610/tools/bin/../lib/gcc/arm-none-eabi/7.3.1/thumb/v6-m/crtbegin.o
                0x0000000008003384                PROVIDE (__init_array_end = .)
                0x0000000008003384                . = ALIGN (0x4)

.fini_array     0x0000000008003384        0x4
                0x0000000008003384                . = ALIGN (0x4)
                [!provide]                        PROVIDE (__fini_array_start = .)
 *(SORT_BY_NAME(.fini_array.*))
 *(.fini_array*)
 .fini_array    0x0000000008003384        0x4 /home/domi/Progs/STM32_IDE/plugins/com.st.stm32cube.ide.mcu.externaltools.gnu-tools-for-stm32.7-2018-q2-update.linux64_1.0.0.201904181610/tools/bin/../lib/gcc/arm-none-eabi/7.3.1/thumb/v6-m/crtbegin.o
                [!provide]                        PROVIDE (__fini_array_end = .)
                0x0000000008003388                . = ALIGN (0x4)
                0x0000000008003388                _sidata = LOADADDR (.data)

.data           0x0000000020000000       0xa4 load address 0x0000000008003388
                0x0000000020000000                . = ALIGN (0x4)
                0x0000000020000000                _sdata = .
 *(.data)
 *(.data*)
 .data.SystemCoreClock
                0x0000000020000000        0x4 Core/Src/system_stm32f0xx.o
                0x0000000020000000                SystemCoreClock
 .data.sCtrlVar
                0x0000000020000004       0x6c Core/Src/term.o
                0x0000000020000004                sCtrlVar
 .data.sInternVar
                0x0000000020000070       0x18 Core/Src/term.o
                0x0000000020000070                sInternVar
 .data.os_name_ver
                0x0000000020000088       0x10 Core/Src/term.o
 .data.cHB.5937
                0x0000000020000098        0x1 Core/Src/term.o
 *fill*         0x0000000020000099        0x3 
 .data.uwTickPrio
                0x000000002000009c        0x4 Drivers/STM32F0xx_HAL_Driver/Src/stm32f0xx_hal.o
                0x000000002000009c                uwTickPrio
 .data.uwTickFreq
                0x00000000200000a0        0x1 Drivers/STM32F0xx_HAL_Driver/Src/stm32f0xx_hal.o
                0x00000000200000a0                uwTickFreq
                0x00000000200000a4                . = ALIGN (0x4)
 *fill*         0x00000000200000a1        0x3 
                0x00000000200000a4                _edata = .

.igot.plt       0x00000000200000a4        0x0 load address 0x000000000800342c
 .igot.plt      0x00000000200000a4        0x0 /home/domi/Progs/STM32_IDE/plugins/com.st.stm32cube.ide.mcu.externaltools.gnu-tools-for-stm32.7-2018-q2-update.linux64_1.0.0.201904181610/tools/bin/../lib/gcc/arm-none-eabi/7.3.1/thumb/v6-m/crtbegin.o
                0x00000000200000a4                . = ALIGN (0x4)

.bss            0x00000000200000a4      0x3e8 load address 0x000000000800342c
                0x00000000200000a4                _sbss = .
                0x00000000200000a4                __bss_start__ = _sbss
 *(.bss)
 .bss           0x00000000200000a4       0x1c /home/domi/Progs/STM32_IDE/plugins/com.st.stm32cube.ide.mcu.externaltools.gnu-tools-for-stm32.7-2018-q2-update.linux64_1.0.0.201904181610/tools/bin/../lib/gcc/arm-none-eabi/7.3.1/thumb/v6-m/crtbegin.o
 *(.bss*)
 .bss.state     0x00000000200000c0        0x4 Core/Src/main.o
                0x00000000200000c0                state
 .bss.tickTmp   0x00000000200000c4        0x4 Core/Src/main.o
                0x00000000200000c4                tickTmp
 .bss.termTick  0x00000000200000c8        0x4 Core/Src/main.o
                0x00000000200000c8                termTick
 .bss.chgTick   0x00000000200000cc        0x4 Core/Src/main.o
                0x00000000200000cc                chgTick
 .bss.chgModeChange
                0x00000000200000d0        0x4 Core/Src/main.o
                0x00000000200000d0                chgModeChange
 .bss.upTmp     0x00000000200000d4        0x4 Core/Src/main.o
                0x00000000200000d4                upTmp
 .bss.downTmp   0x00000000200000d8        0x4 Core/Src/main.o
                0x00000000200000d8                downTmp
 .bss.flashCnt  0x00000000200000dc        0x4 Core/Src/main.o
                0x00000000200000dc                flashCnt
 .bss.usartEnable
                0x00000000200000e0        0x4 Core/Src/main.o
                0x00000000200000e0                usartEnable
 .bss.usartDelay
                0x00000000200000e4        0x4 Core/Src/main.o
                0x00000000200000e4                usartDelay
 .bss.adcVal    0x00000000200000e8        0x4 Core/Src/main.o
                0x00000000200000e8                adcVal
 .bss.batVolt   0x00000000200000ec        0x4 Core/Src/main.o
                0x00000000200000ec                batVolt
 .bss.recharge  0x00000000200000f0        0x4 Core/Src/main.o
                0x00000000200000f0                recharge
 .bss.tmpValue.5938
                0x00000000200000f4        0x4 Core/Src/term.o
 .bss.ptxBuffer
                0x00000000200000f8        0x4 Core/Src/uart.o
 .bss.txBSize   0x00000000200000fc        0x4 Core/Src/uart.o
 .bss.txIdx     0x0000000020000100        0x4 Core/Src/uart.o
 .bss.xBusy     0x0000000020000104        0x4 Core/Src/uart.o
 *(COMMON)
 COMMON         0x0000000020000108       0x80 Core/Src/main.o
                0x0000000020000108                htim1
                0x0000000020000148                hadc
 COMMON         0x0000000020000188      0x2ff Core/Src/term.o
                0x0000000020000188                termTx
                0x0000000020000388                aRxBuffer
 *fill*         0x0000000020000487        0x1 
 COMMON         0x0000000020000488        0x4 Drivers/STM32F0xx_HAL_Driver/Src/stm32f0xx_hal.o
                0x0000000020000488                uwTick
                0x000000002000048c                . = ALIGN (0x4)
                0x000000002000048c                _ebss = .
                0x000000002000048c                __bss_end__ = _ebss

._user_heap_stack
                0x000000002000048c      0x604 load address 0x000000000800342c
                0x0000000020000490                . = ALIGN (0x8)
 *fill*         0x000000002000048c        0x4 
                [!provide]                        PROVIDE (end = .)
                [!provide]                        PROVIDE (_end = .)
                0x0000000020000690                . = (. + _Min_Heap_Size)
 *fill*         0x0000000020000490      0x200 
                0x0000000020000a90                . = (. + _Min_Stack_Size)
 *fill*         0x0000000020000690      0x400 
                0x0000000020000a90                . = ALIGN (0x8)

/DISCARD/
 libc.a(*)
 libm.a(*)
 libgcc.a(*)

.ARM.attributes
                0x0000000000000000       0x28
 *(.ARM.attributes)
 .ARM.attributes
                0x0000000000000000       0x1e /home/domi/Progs/STM32_IDE/plugins/com.st.stm32cube.ide.mcu.externaltools.gnu-tools-for-stm32.7-2018-q2-update.linux64_1.0.0.201904181610/tools/bin/../lib/gcc/arm-none-eabi/7.3.1/thumb/v6-m/crti.o
 .ARM.attributes
                0x000000000000001e       0x2c /home/domi/Progs/STM32_IDE/plugins/com.st.stm32cube.ide.mcu.externaltools.gnu-tools-for-stm32.7-2018-q2-update.linux64_1.0.0.201904181610/tools/bin/../lib/gcc/arm-none-eabi/7.3.1/thumb/v6-m/crtbegin.o
 .ARM.attributes
                0x000000000000004a       0x31 Core/Src/main.o
 .ARM.attributes
                0x000000000000007b       0x31 Core/Src/stm32f0xx_hal_msp.o
 .ARM.attributes
                0x00000000000000ac       0x31 Core/Src/stm32f0xx_it.o
 .ARM.attributes
                0x00000000000000dd       0x31 Core/Src/system_stm32f0xx.o
 .ARM.attributes
                0x000000000000010e       0x31 Core/Src/term.o
 .ARM.attributes
                0x000000000000013f       0x31 Core/Src/uart.o
 .ARM.attributes
                0x0000000000000170       0x21 Core/Startup/startup_stm32f030f4px.o
 .ARM.attributes
                0x0000000000000191       0x31 Drivers/STM32F0xx_HAL_Driver/Src/stm32f0xx_hal.o
 .ARM.attributes
                0x00000000000001c2       0x31 Drivers/STM32F0xx_HAL_Driver/Src/stm32f0xx_hal_adc.o
 .ARM.attributes
                0x00000000000001f3       0x31 Drivers/STM32F0xx_HAL_Driver/Src/stm32f0xx_hal_cortex.o
 .ARM.attributes
                0x0000000000000224       0x31 Drivers/STM32F0xx_HAL_Driver/Src/stm32f0xx_hal_gpio.o
 .ARM.attributes
                0x0000000000000255       0x31 Drivers/STM32F0xx_HAL_Driver/Src/stm32f0xx_hal_rcc.o
 .ARM.attributes
                0x0000000000000286       0x31 Drivers/STM32F0xx_HAL_Driver/Src/stm32f0xx_hal_tim.o
 .ARM.attributes
                0x00000000000002b7       0x31 Drivers/STM32F0xx_HAL_Driver/Src/stm32f0xx_hal_tim_ex.o
 .ARM.attributes
                0x00000000000002e8       0x2c /home/domi/Progs/STM32_IDE/plugins/com.st.stm32cube.ide.mcu.externaltools.gnu-tools-for-stm32.7-2018-q2-update.linux64_1.0.0.201904181610/tools/bin/../lib/gcc/arm-none-eabi/7.3.1/../../../../arm-none-eabi/lib/thumb/v6-m/libc_nano.a(lib_a-init.o)
 .ARM.attributes
                0x0000000000000314       0x2c /home/domi/Progs/STM32_IDE/plugins/com.st.stm32cube.ide.mcu.externaltools.gnu-tools-for-stm32.7-2018-q2-update.linux64_1.0.0.201904181610/tools/bin/../lib/gcc/arm-none-eabi/7.3.1/../../../../arm-none-eabi/lib/thumb/v6-m/libc_nano.a(lib_a-memset.o)
 .ARM.attributes
                0x0000000000000340       0x1e /home/domi/Progs/STM32_IDE/plugins/com.st.stm32cube.ide.mcu.externaltools.gnu-tools-for-stm32.7-2018-q2-update.linux64_1.0.0.201904181610/tools/bin/../lib/gcc/arm-none-eabi/7.3.1/thumb/v6-m/libgcc.a(_udivsi3.o)
 .ARM.attributes
                0x000000000000035e       0x1e /home/domi/Progs/STM32_IDE/plugins/com.st.stm32cube.ide.mcu.externaltools.gnu-tools-for-stm32.7-2018-q2-update.linux64_1.0.0.201904181610/tools/bin/../lib/gcc/arm-none-eabi/7.3.1/thumb/v6-m/libgcc.a(_dvmd_tls.o)
 .ARM.attributes
                0x000000000000037c       0x1e /home/domi/Progs/STM32_IDE/plugins/com.st.stm32cube.ide.mcu.externaltools.gnu-tools-for-stm32.7-2018-q2-update.linux64_1.0.0.201904181610/tools/bin/../lib/gcc/arm-none-eabi/7.3.1/thumb/v6-m/crtn.o
OUTPUT(PwmBrick.elf elf32-littlearm)

.debug_info     0x0000000000000000     0x87a6
 .debug_info    0x0000000000000000      0xfa5 Core/Src/main.o
 .debug_info    0x0000000000000fa5      0xb3d Core/Src/stm32f0xx_hal_msp.o
 .debug_info    0x0000000000001ae2      0x1a2 Core/Src/stm32f0xx_it.o
 .debug_info    0x0000000000001c84      0x29e Core/Src/system_stm32f0xx.o
 .debug_info    0x0000000000001f22      0x349 Core/Src/term.o
 .debug_info    0x000000000000226b      0x65d Core/Src/uart.o
 .debug_info    0x00000000000028c8       0x22 Core/Startup/startup_stm32f030f4px.o
 .debug_info    0x00000000000028ea      0x667 Drivers/STM32F0xx_HAL_Driver/Src/stm32f0xx_hal.o
 .debug_info    0x0000000000002f51      0xc9f Drivers/STM32F0xx_HAL_Driver/Src/stm32f0xx_hal_adc.o
 .debug_info    0x0000000000003bf0      0x744 Drivers/STM32F0xx_HAL_Driver/Src/stm32f0xx_hal_cortex.o
 .debug_info    0x0000000000004334      0x660 Drivers/STM32F0xx_HAL_Driver/Src/stm32f0xx_hal_gpio.o
 .debug_info    0x0000000000004994      0x80a Drivers/STM32F0xx_HAL_Driver/Src/stm32f0xx_hal_rcc.o
 .debug_info    0x000000000000519e     0x2522 Drivers/STM32F0xx_HAL_Driver/Src/stm32f0xx_hal_tim.o
 .debug_info    0x00000000000076c0     0x10e6 Drivers/STM32F0xx_HAL_Driver/Src/stm32f0xx_hal_tim_ex.o

.debug_abbrev   0x0000000000000000     0x1730
 .debug_abbrev  0x0000000000000000      0x1fb Core/Src/main.o
 .debug_abbrev  0x00000000000001fb      0x1b7 Core/Src/stm32f0xx_hal_msp.o
 .debug_abbrev  0x00000000000003b2       0xc6 Core/Src/stm32f0xx_it.o
 .debug_abbrev  0x0000000000000478      0x12b Core/Src/system_stm32f0xx.o
 .debug_abbrev  0x00000000000005a3      0x151 Core/Src/term.o
 .debug_abbrev  0x00000000000006f4      0x1bb Core/Src/uart.o
 .debug_abbrev  0x00000000000008af       0x12 Core/Startup/startup_stm32f030f4px.o
 .debug_abbrev  0x00000000000008c1      0x1f2 Drivers/STM32F0xx_HAL_Driver/Src/stm32f0xx_hal.o
 .debug_abbrev  0x0000000000000ab3      0x1cf Drivers/STM32F0xx_HAL_Driver/Src/stm32f0xx_hal_adc.o
 .debug_abbrev  0x0000000000000c82      0x273 Drivers/STM32F0xx_HAL_Driver/Src/stm32f0xx_hal_cortex.o
 .debug_abbrev  0x0000000000000ef5      0x1c0 Drivers/STM32F0xx_HAL_Driver/Src/stm32f0xx_hal_gpio.o
 .debug_abbrev  0x00000000000010b5      0x20f Drivers/STM32F0xx_HAL_Driver/Src/stm32f0xx_hal_rcc.o
 .debug_abbrev  0x00000000000012c4      0x23f Drivers/STM32F0xx_HAL_Driver/Src/stm32f0xx_hal_tim.o
 .debug_abbrev  0x0000000000001503      0x22d Drivers/STM32F0xx_HAL_Driver/Src/stm32f0xx_hal_tim_ex.o

.debug_aranges  0x0000000000000000      0xa20
 .debug_aranges
                0x0000000000000000       0x78 Core/Src/main.o
 .debug_aranges
                0x0000000000000078       0x48 Core/Src/stm32f0xx_hal_msp.o
 .debug_aranges
                0x00000000000000c0       0x40 Core/Src/stm32f0xx_it.o
 .debug_aranges
                0x0000000000000100       0x28 Core/Src/system_stm32f0xx.o
 .debug_aranges
                0x0000000000000128       0x28 Core/Src/term.o
 .debug_aranges
                0x0000000000000150       0x40 Core/Src/uart.o
 .debug_aranges
                0x0000000000000190       0x28 Core/Startup/startup_stm32f030f4px.o
 .debug_aranges
                0x00000000000001b8       0xd0 Drivers/STM32F0xx_HAL_Driver/Src/stm32f0xx_hal.o
 .debug_aranges
                0x0000000000000288       0xf8 Drivers/STM32F0xx_HAL_Driver/Src/stm32f0xx_hal_adc.o
 .debug_aranges
                0x0000000000000380       0xc0 Drivers/STM32F0xx_HAL_Driver/Src/stm32f0xx_hal_cortex.o
 .debug_aranges
                0x0000000000000440       0x58 Drivers/STM32F0xx_HAL_Driver/Src/stm32f0xx_hal_gpio.o
 .debug_aranges
                0x0000000000000498       0x80 Drivers/STM32F0xx_HAL_Driver/Src/stm32f0xx_hal_rcc.o
 .debug_aranges
                0x0000000000000518      0x3b8 Drivers/STM32F0xx_HAL_Driver/Src/stm32f0xx_hal_tim.o
 .debug_aranges
                0x00000000000008d0      0x150 Drivers/STM32F0xx_HAL_Driver/Src/stm32f0xx_hal_tim_ex.o

.debug_ranges   0x0000000000000000      0x948
 .debug_ranges  0x0000000000000000       0x68 Core/Src/main.o
 .debug_ranges  0x0000000000000068       0x38 Core/Src/stm32f0xx_hal_msp.o
 .debug_ranges  0x00000000000000a0       0x30 Core/Src/stm32f0xx_it.o
 .debug_ranges  0x00000000000000d0       0x18 Core/Src/system_stm32f0xx.o
 .debug_ranges  0x00000000000000e8       0x18 Core/Src/term.o
 .debug_ranges  0x0000000000000100       0x30 Core/Src/uart.o
 .debug_ranges  0x0000000000000130       0x20 Core/Startup/startup_stm32f030f4px.o
 .debug_ranges  0x0000000000000150       0xc0 Drivers/STM32F0xx_HAL_Driver/Src/stm32f0xx_hal.o
 .debug_ranges  0x0000000000000210       0xe8 Drivers/STM32F0xx_HAL_Driver/Src/stm32f0xx_hal_adc.o
 .debug_ranges  0x00000000000002f8       0xb0 Drivers/STM32F0xx_HAL_Driver/Src/stm32f0xx_hal_cortex.o
 .debug_ranges  0x00000000000003a8       0x48 Drivers/STM32F0xx_HAL_Driver/Src/stm32f0xx_hal_gpio.o
 .debug_ranges  0x00000000000003f0       0x70 Drivers/STM32F0xx_HAL_Driver/Src/stm32f0xx_hal_rcc.o
 .debug_ranges  0x0000000000000460      0x3a8 Drivers/STM32F0xx_HAL_Driver/Src/stm32f0xx_hal_tim.o
 .debug_ranges  0x0000000000000808      0x140 Drivers/STM32F0xx_HAL_Driver/Src/stm32f0xx_hal_tim_ex.o

.debug_macro    0x0000000000000000     0xc076
 .debug_macro   0x0000000000000000      0x1e5 Core/Src/main.o
 .debug_macro   0x00000000000001e5      0xa48 Core/Src/main.o
 .debug_macro   0x0000000000000c2d      0x133 Core/Src/main.o
 .debug_macro   0x0000000000000d60       0x2e Core/Src/main.o
 .debug_macro   0x0000000000000d8e       0x22 Core/Src/main.o
 .debug_macro   0x0000000000000db0       0x22 Core/Src/main.o
 .debug_macro   0x0000000000000dd2       0x8e Core/Src/main.o
 .debug_macro   0x0000000000000e60       0x51 Core/Src/main.o
 .debug_macro   0x0000000000000eb1       0xef Core/Src/main.o
 .debug_macro   0x0000000000000fa0       0x6a Core/Src/main.o
 .debug_macro   0x000000000000100a      0x1df Core/Src/main.o
 .debug_macro   0x00000000000011e9       0x1c Core/Src/main.o
 .debug_macro   0x0000000000001205       0x22 Core/Src/main.o
 .debug_macro   0x0000000000001227       0xb5 Core/Src/main.o
 .debug_macro   0x00000000000012dc      0x391 Core/Src/main.o
 .debug_macro   0x000000000000166d     0x6e60 Core/Src/main.o
 .debug_macro   0x00000000000084cd       0x3c Core/Src/main.o
 .debug_macro   0x0000000000008509      0x174 Core/Src/main.o
 .debug_macro   0x000000000000867d       0x53 Core/Src/main.o
 .debug_macro   0x00000000000086d0      0x924 Core/Src/main.o
 .debug_macro   0x0000000000008ff4       0xe5 Core/Src/main.o
 .debug_macro   0x00000000000090d9      0x12f Core/Src/main.o
 .debug_macro   0x0000000000009208       0xb3 Core/Src/main.o
 .debug_macro   0x00000000000092bb      0x1a0 Core/Src/main.o
 .debug_macro   0x000000000000945b      0x1ed Core/Src/main.o
 .debug_macro   0x0000000000009648       0x34 Core/Src/main.o
 .debug_macro   0x000000000000967c       0x43 Core/Src/main.o
 .debug_macro   0x00000000000096bf       0x28 Core/Src/main.o
 .debug_macro   0x00000000000096e7      0x33d Core/Src/main.o
 .debug_macro   0x0000000000009a24       0xbc Core/Src/main.o
 .debug_macro   0x0000000000009ae0       0xb0 Core/Src/main.o
 .debug_macro   0x0000000000009b90      0x15a Core/Src/main.o
 .debug_macro   0x0000000000009cea      0x22c Core/Src/main.o
 .debug_macro   0x0000000000009f16       0x5f Core/Src/main.o
 .debug_macro   0x0000000000009f75       0xa5 Core/Src/main.o
 .debug_macro   0x000000000000a01a       0x4c Core/Src/main.o
 .debug_macro   0x000000000000a066       0x2b Core/Src/main.o
 .debug_macro   0x000000000000a091      0x8ae Core/Src/main.o
 .debug_macro   0x000000000000a93f       0x28 Core/Src/main.o
 .debug_macro   0x000000000000a967       0xf1 Core/Src/main.o
 .debug_macro   0x000000000000aa58       0x5e Core/Src/main.o
 .debug_macro   0x000000000000aab6      0x1c7 Core/Src/stm32f0xx_hal_msp.o
 .debug_macro   0x000000000000ac7d      0x1d1 Core/Src/stm32f0xx_it.o
 .debug_macro   0x000000000000ae4e      0x1b8 Core/Src/system_stm32f0xx.o
 .debug_macro   0x000000000000b006      0x1f4 Core/Src/term.o
 .debug_macro   0x000000000000b1fa       0x10 Core/Src/term.o
 .debug_macro   0x000000000000b20a      0x1d1 Core/Src/uart.o
 .debug_macro   0x000000000000b3db      0x1dc Drivers/STM32F0xx_HAL_Driver/Src/stm32f0xx_hal.o
 .debug_macro   0x000000000000b5b7      0x1dc Drivers/STM32F0xx_HAL_Driver/Src/stm32f0xx_hal_adc.o
 .debug_macro   0x000000000000b793      0x1b8 Drivers/STM32F0xx_HAL_Driver/Src/stm32f0xx_hal_cortex.o
 .debug_macro   0x000000000000b94b      0x1f0 Drivers/STM32F0xx_HAL_Driver/Src/stm32f0xx_hal_gpio.o
 .debug_macro   0x000000000000bb3b      0x1ca Drivers/STM32F0xx_HAL_Driver/Src/stm32f0xx_hal_rcc.o
 .debug_macro   0x000000000000bd05      0x1b9 Drivers/STM32F0xx_HAL_Driver/Src/stm32f0xx_hal_tim.o
 .debug_macro   0x000000000000bebe      0x1b8 Drivers/STM32F0xx_HAL_Driver/Src/stm32f0xx_hal_tim_ex.o

.debug_line     0x0000000000000000     0x7e27
 .debug_line    0x0000000000000000      0x83f Core/Src/main.o
 .debug_line    0x000000000000083f      0x6ea Core/Src/stm32f0xx_hal_msp.o
 .debug_line    0x0000000000000f29      0x6ca Core/Src/stm32f0xx_it.o
 .debug_line    0x00000000000015f3      0x690 Core/Src/system_stm32f0xx.o
 .debug_line    0x0000000000001c83      0x6c5 Core/Src/term.o
 .debug_line    0x0000000000002348      0x6dd Core/Src/uart.o
 .debug_line    0x0000000000002a25       0x89 Core/Startup/startup_stm32f030f4px.o
 .debug_line    0x0000000000002aae      0x82c Drivers/STM32F0xx_HAL_Driver/Src/stm32f0xx_hal.o
 .debug_line    0x00000000000032da      0xbeb Drivers/STM32F0xx_HAL_Driver/Src/stm32f0xx_hal_adc.o
 .debug_line    0x0000000000003ec5      0x844 Drivers/STM32F0xx_HAL_Driver/Src/stm32f0xx_hal_cortex.o
 .debug_line    0x0000000000004709      0x7f1 Drivers/STM32F0xx_HAL_Driver/Src/stm32f0xx_hal_gpio.o
 .debug_line    0x0000000000004efa      0x8ed Drivers/STM32F0xx_HAL_Driver/Src/stm32f0xx_hal_rcc.o
 .debug_line    0x00000000000057e7     0x19d2 Drivers/STM32F0xx_HAL_Driver/Src/stm32f0xx_hal_tim.o
 .debug_line    0x00000000000071b9      0xc6e Drivers/STM32F0xx_HAL_Driver/Src/stm32f0xx_hal_tim_ex.o

.debug_str      0x0000000000000000    0x45a59
 .debug_str     0x0000000000000000    0x436f9 Core/Src/main.o
                                      0x4394e (size before relaxing)
 .debug_str     0x00000000000436f9       0x9d Core/Src/stm32f0xx_hal_msp.o
                                      0x4355c (size before relaxing)
 .debug_str     0x0000000000043796       0x76 Core/Src/stm32f0xx_it.o
                                      0x42f1e (size before relaxing)
 .debug_str     0x000000000004380c       0x5f Core/Src/system_stm32f0xx.o
                                      0x42daf (size before relaxing)
 .debug_str     0x000000000004386b       0xca Core/Src/term.o
                                      0x42fb9 (size before relaxing)
 .debug_str     0x0000000000043935      0x1e5 Core/Src/uart.o
                                      0x431ae (size before relaxing)
 .debug_str     0x0000000000043b1a       0x36 Core/Startup/startup_stm32f030f4px.o
                                         0x92 (size before relaxing)
 .debug_str     0x0000000000043b50      0x39c Drivers/STM32F0xx_HAL_Driver/Src/stm32f0xx_hal.o
                                      0x43286 (size before relaxing)
 .debug_str     0x0000000000043eec      0x387 Drivers/STM32F0xx_HAL_Driver/Src/stm32f0xx_hal_adc.o
                                      0x434af (size before relaxing)
 .debug_str     0x0000000000044273      0x18a Drivers/STM32F0xx_HAL_Driver/Src/stm32f0xx_hal_cortex.o
                                      0x4313a (size before relaxing)
 .debug_str     0x00000000000443fd      0x20d Drivers/STM32F0xx_HAL_Driver/Src/stm32f0xx_hal_gpio.o
                                      0x4304b (size before relaxing)
 .debug_str     0x000000000004460a      0x254 Drivers/STM32F0xx_HAL_Driver/Src/stm32f0xx_hal_rcc.o
                                      0x431b9 (size before relaxing)
 .debug_str     0x000000000004485e      0xd60 Drivers/STM32F0xx_HAL_Driver/Src/stm32f0xx_hal_tim.o
                                      0x43fa8 (size before relaxing)
 .debug_str     0x00000000000455be      0x49b Drivers/STM32F0xx_HAL_Driver/Src/stm32f0xx_hal_tim_ex.o
                                      0x4375c (size before relaxing)

.comment        0x0000000000000000       0x7b
 .comment       0x0000000000000000       0x7b Core/Src/main.o
                                         0x7c (size before relaxing)
 .comment       0x000000000000007b       0x7c Core/Src/stm32f0xx_hal_msp.o
 .comment       0x000000000000007b       0x7c Core/Src/stm32f0xx_it.o
 .comment       0x000000000000007b       0x7c Core/Src/system_stm32f0xx.o
 .comment       0x000000000000007b       0x7c Core/Src/term.o
 .comment       0x000000000000007b       0x7c Core/Src/uart.o
 .comment       0x000000000000007b       0x7c Drivers/STM32F0xx_HAL_Driver/Src/stm32f0xx_hal.o
 .comment       0x000000000000007b       0x7c Drivers/STM32F0xx_HAL_Driver/Src/stm32f0xx_hal_adc.o
 .comment       0x000000000000007b       0x7c Drivers/STM32F0xx_HAL_Driver/Src/stm32f0xx_hal_cortex.o
 .comment       0x000000000000007b       0x7c Drivers/STM32F0xx_HAL_Driver/Src/stm32f0xx_hal_gpio.o
 .comment       0x000000000000007b       0x7c Drivers/STM32F0xx_HAL_Driver/Src/stm32f0xx_hal_rcc.o
 .comment       0x000000000000007b       0x7c Drivers/STM32F0xx_HAL_Driver/Src/stm32f0xx_hal_tim.o
 .comment       0x000000000000007b       0x7c Drivers/STM32F0xx_HAL_Driver/Src/stm32f0xx_hal_tim_ex.o

.debug_frame    0x0000000000000000     0x23a0
 .debug_frame   0x0000000000000000      0x178 Core/Src/main.o
 .debug_frame   0x0000000000000178       0xd0 Core/Src/stm32f0xx_hal_msp.o
 .debug_frame   0x0000000000000248       0x9c Core/Src/stm32f0xx_it.o
 .debug_frame   0x00000000000002e4       0x4c Core/Src/system_stm32f0xx.o
 .debug_frame   0x0000000000000330       0x4c Core/Src/term.o
 .debug_frame   0x000000000000037c       0xac Core/Src/uart.o
 .debug_frame   0x0000000000000428      0x2a4 Drivers/STM32F0xx_HAL_Driver/Src/stm32f0xx_hal.o
 .debug_frame   0x00000000000006cc      0x3a0 Drivers/STM32F0xx_HAL_Driver/Src/stm32f0xx_hal_adc.o
 .debug_frame   0x0000000000000a6c      0x2a0 Drivers/STM32F0xx_HAL_Driver/Src/stm32f0xx_hal_cortex.o
 .debug_frame   0x0000000000000d0c      0x110 Drivers/STM32F0xx_HAL_Driver/Src/stm32f0xx_hal_gpio.o
 .debug_frame   0x0000000000000e1c      0x198 Drivers/STM32F0xx_HAL_Driver/Src/stm32f0xx_hal_rcc.o
 .debug_frame   0x0000000000000fb4      0xe90 Drivers/STM32F0xx_HAL_Driver/Src/stm32f0xx_hal_tim.o
 .debug_frame   0x0000000000001e44      0x4f0 Drivers/STM32F0xx_HAL_Driver/Src/stm32f0xx_hal_tim_ex.o
 .debug_frame   0x0000000000002334       0x2c /home/domi/Progs/STM32_IDE/plugins/com.st.stm32cube.ide.mcu.externaltools.gnu-tools-for-stm32.7-2018-q2-update.linux64_1.0.0.201904181610/tools/bin/../lib/gcc/arm-none-eabi/7.3.1/../../../../arm-none-eabi/lib/thumb/v6-m/libc_nano.a(lib_a-init.o)
 .debug_frame   0x0000000000002360       0x20 /home/domi/Progs/STM32_IDE/plugins/com.st.stm32cube.ide.mcu.externaltools.gnu-tools-for-stm32.7-2018-q2-update.linux64_1.0.0.201904181610/tools/bin/../lib/gcc/arm-none-eabi/7.3.1/../../../../arm-none-eabi/lib/thumb/v6-m/libc_nano.a(lib_a-memset.o)
 .debug_frame   0x0000000000002380       0x20 /home/domi/Progs/STM32_IDE/plugins/com.st.stm32cube.ide.mcu.externaltools.gnu-tools-for-stm32.7-2018-q2-update.linux64_1.0.0.201904181610/tools/bin/../lib/gcc/arm-none-eabi/7.3.1/thumb/v6-m/libgcc.a(_udivsi3.o)
